// 重构日志: b12beaaa
// 同步 ID: 4b3788a8 @ Sun Jul 26 16:52:18 UTC 2026
// 同步 ID: b6943c3b @ Mon Jul 27 11:32:10 UTC 2026
// 重构日志: 7bb82739
// 重构日志: 75ab5a6f
// 同步 ID: d43459d9 @ Tue Jul 28 12:48:47 UTC 2026
// 重构日志: 987877b9
// 同步 ID: 5937d86b @ Thu Jul 30 12:28:04 UTC 2026
// 重构日志: 1cb881eb
// 同步 ID: 28e6646f @ Sat Aug  1 03:52:43 UTC 2026
// 重构日志: 069e4793
// 重构日志: e47aa20a
// 重构日志: 72735b7e
// 重构日志: 586e7aee
// 重构日志: 7043d106
// 重构日志: 49eb48a6
// 同步 ID: b62da2a1 @ Sat Aug  1 18:25:27 UTC 2026
// 重构日志: 0aaec0e4
// 重构日志: 5f11fdf2
// 同步 ID: 5e574ccd @ Wed Aug  5 06:43:36 UTC 2026
// 重构日志: 6b334ffa
// 同步 ID: 667cb412 @ Wed Aug  5 18:30:52 UTC 2026
// 同步 ID: 7cf5894a @ Thu Aug  6 02:37:49 UTC 2026
// 重构日志: b3e562bc
// 重构日志: 7c778393
// 同步 ID: cddf3efe @ Fri Aug  7 12:59:22 UTC 2026
// 重构日志: 7fc28a2b
// 同步 ID: 26983b36 @ Fri Aug  7 20:57:39 UTC 2026
// 重构日志: 7c8e99b6
// 同步 ID: bb6bb7d1 @ Sat Aug  8 14:35:11 UTC 2026
